2026-03-23 13:32:33,836 -- MyLogger -- INFO -- Info level log
2026-03-23 13:32:33,837 -- MyLogger -- WARNING -- Warning level log
2026-03-23 13:32:33,837 -- MyLogger -- ERROR -- Error level log
2026-03-23 13:32:33,837 -- MyLogger -- ERROR -- Error level log with critical lowecase in text
2026-03-23 13:32:33,837 -- MyLogger -- CRITICAL -- Critical level log -- to test hyphens
